2026-04-06 12:13:59,715 INFO 📂 Đọc file Excel...
2026-04-06 12:13:59,723 INFO   112 dòng công nợ
2026-04-06 12:13:59,774 INFO 
🗑️  Xóa bút toán ID=27 qua SQL...
2026-04-06 12:13:59,830 INFO   ✅ Đã xóa bút toán ID=27
2026-04-06 12:13:59,830 INFO 
🗑️  Xóa partner trùng tạo hôm nay...
2026-04-06 12:14:00,000 INFO   ✅ Đã xóa 93 partner trùng
2026-04-06 12:14:00,000 INFO 
🔗 Khớp partner cũ theo tên...
2026-04-06 12:14:00,000 INFO   Khớp được: 93/93
2026-04-06 12:14:00,000 INFO 
✏️  Gán Mã KH (ref) cho partner đã khớp...
2026-04-06 12:14:00,030 INFO   ✅ Đã gán ref cho 93 partner
2026-04-06 12:14:00,033 INFO 
📋 Tạo bút toán đầu kỳ...
2026-04-06 12:14:05,005 INFO 
╔══════════════════════════════════════════════════════════╗
║      HOÀN TẤT - CÔNG NỢ ĐẦU KỲ KHÁCH HÀNG (FIX)        ║
╠══════════════════════════════════════════════════════════╣
║  Move ID mới      : 28                                  ║
║  Partner khớp cũ  : 93                                  ║
║  Partner tạo mới  : 0                                   ║
║  Tổng Dư Nợ       :       81,985,164,423               ║
║  Tổng Dư Có       :        5,758,674,230               ║
║  TK 4111 cân đối  :       76,226,490,193               ║
╚══════════════════════════════════════════════════════════╝

