2026-04-06 10:21:04,949 INFO 📂 Đọc file Excel...
2026-04-06 10:21:04,957 INFO   Đọc được 24 tài khoản ngân hàng
2026-04-06 10:21:04,957 INFO   Tổng số dư: 3,095,596,108
2026-04-06 10:21:05,013 INFO 
  Có 31 journal ngân hàng trong Odoo
2026-04-06 10:21:05,014 INFO   TK 1121 ID=48, TK 4111 ID=294
2026-04-06 10:21:05,014 INFO 
🔗 Khớp số tài khoản...
2026-04-06 10:21:05,014 INFO   ✅ VIB2   | 9704060022265                       |         736,263
2026-04-06 10:21:05,014 INFO   ✅ MBB1   | 912771168                           |      10,000,000
2026-04-06 10:21:05,014 INFO   ✅ ABB1   | 912806838                           |     -22,634,833
2026-04-06 10:21:05,014 INFO   ✅ PVC1   | 109000418098                        |      -3,359,428
2026-04-06 10:21:05,014 INFO   ✅ TCB1   | 10921517320011                      |         592,897
2026-04-06 10:21:05,014 INFO   ✅ TCB2   | 19021517320666                      |      17,234,843
2026-04-06 10:21:05,014 INFO   ✅ PGB1   | 2092226688888                       |     750,899,997
2026-04-06 10:21:05,014 INFO   ✅ PGB2   | 2097040267276                       |     661,772,857
2026-04-06 10:21:05,014 INFO   ✅ MBB2   | 2531100222666                       |       4,309,882
2026-04-06 10:21:05,014 INFO   ✅ MBB3   | 2531158333999                       |     129,960,773
2026-04-06 10:21:05,014 INFO   ✅ BIDV1  | 3211 0000 871 852                   |   1,143,995,328
2026-04-06 10:21:05,015 INFO   ✅ BIDV2  | 32110001134655                      |       1,000,000
2026-04-06 10:21:05,015 INFO   ✅ BIDV3  | 32110001310543                      |      53,000,000
2026-04-06 10:21:05,015 INFO   ✅ BIDV4  | 32110001315885                      |     -57,747,534
2026-04-06 10:21:05,015 INFO   ✅ BIDV5  | 32110001315894                      |      71,233,331
2026-04-06 10:21:05,015 INFO   ✅ BIDV6  | 32110001567899                      |      47,748,382
2026-04-06 10:21:05,015 INFO   ✅ BIDV8  | 3211 000 4279999 - BIGSUN           |      64,258,165
2026-04-06 10:21:05,015 INFO   ✅ BIDV9  | 3216598888 ( Hải Yến)               |      27,308,726
2026-04-06 10:21:05,015 INFO   ✅ BD10   | 323 10 000 313118                   |       3,144,647
2026-04-06 10:21:05,015 INFO   ✅ VPB2   | 68058686                            |       2,098,210
2026-04-06 10:21:05,015 INFO   ✅ BD12   | 8603855555 ( lumora)                |      18,000,000
2026-04-06 10:21:05,015 INFO   ✅ BD13   | 8650060486 ( Toàn Cầu)              |      10,000,000
2026-04-06 10:21:05,015 INFO   ✅ BD14   | 8690011281 (Sunrise Skill)          |      10,000,000
2026-04-06 10:21:05,015 INFO   ✅ BD15   | 8863244668 ( Trang)                 |     152,043,602
2026-04-06 10:21:05,016 INFO 
  Khớp: 24, Không khớp: 0
2026-04-06 10:21:05,016 INFO 
✏️  Chỉnh sửa bút toán MISC (ID=2): xóa dòng TK 1121...
2026-04-06 10:21:05,025 INFO   → Trạng thái hiện tại: draft
2026-04-06 10:21:05,025 INFO   → Đã ở Draft, bỏ qua bước reset
2026-04-06 10:21:05,032 INFO   → Dòng TK 1121 trong MISC: [(4, Decimal('3095596108'), Decimal('0'))]
2026-04-06 10:21:05,033 INFO   → Dòng TK 4111 trong MISC: [(27, Decimal('0'), Decimal('295519670040'))]
2026-04-06 10:21:07,209 INFO   ✅ Đã xóa 1 dòng TK 1121 và điều chỉnh TK 4111: 295,519,670,040 → 292,424,073,932
2026-04-06 10:21:09,379 INFO   ✅ Đã post lại bút toán MISC ID=2
2026-04-06 10:21:09,379 INFO 
🏦 Tạo 24 bút toán ngân hàng...
2026-04-06 10:21:14,011 INFO   ✅ VIB2   Move ID=  3 | 9704060022265                       | Nợ         736,263
2026-04-06 10:21:18,291 INFO   ✅ MBB1   Move ID=  4 | 912771168                           | Nợ      10,000,000
2026-04-06 10:21:22,674 INFO   ✅ ABB1   Move ID=  5 | 912806838                           | Có      22,634,833
2026-04-06 10:21:26,981 INFO   ✅ PVC1   Move ID=  6 | 109000418098                        | Có       3,359,428
2026-04-06 10:21:31,305 INFO   ✅ TCB1   Move ID=  7 | 10921517320011                      | Nợ         592,897
2026-04-06 10:21:35,611 INFO   ✅ TCB2   Move ID=  8 | 19021517320666                      | Nợ      17,234,843
2026-04-06 10:21:39,969 INFO   ✅ PGB1   Move ID=  9 | 2092226688888                       | Nợ     750,899,997
2026-04-06 10:21:44,316 INFO   ✅ PGB2   Move ID= 10 | 2097040267276                       | Nợ     661,772,857
2026-04-06 10:21:48,634 INFO   ✅ MBB2   Move ID= 11 | 2531100222666                       | Nợ       4,309,882
2026-04-06 10:21:52,975 INFO   ✅ MBB3   Move ID= 12 | 2531158333999                       | Nợ     129,960,773
2026-04-06 10:21:57,300 INFO   ✅ BIDV1  Move ID= 13 | 3211 0000 871 852                   | Nợ   1,143,995,328
2026-04-06 10:22:01,616 INFO   ✅ BIDV2  Move ID= 14 | 32110001134655                      | Nợ       1,000,000
2026-04-06 10:22:05,930 INFO   ✅ BIDV3  Move ID= 15 | 32110001310543                      | Nợ      53,000,000
2026-04-06 10:22:10,239 INFO   ✅ BIDV4  Move ID= 16 | 32110001315885                      | Có      57,747,534
2026-04-06 10:22:14,509 INFO   ✅ BIDV5  Move ID= 17 | 32110001315894                      | Nợ      71,233,331
2026-04-06 10:22:18,817 INFO   ✅ BIDV6  Move ID= 18 | 32110001567899                      | Nợ      47,748,382
2026-04-06 10:22:23,131 INFO   ✅ BIDV8  Move ID= 19 | 3211 000 4279999 - BIGSUN           | Nợ      64,258,165
2026-04-06 10:22:27,425 INFO   ✅ BIDV9  Move ID= 20 | 3216598888 ( Hải Yến)               | Nợ      27,308,726
2026-04-06 10:22:31,765 INFO   ✅ BD10   Move ID= 21 | 323 10 000 313118                   | Nợ       3,144,647
2026-04-06 10:22:36,087 INFO   ✅ VPB2   Move ID= 22 | 68058686                            | Nợ       2,098,210
2026-04-06 10:22:40,373 INFO   ✅ BD12   Move ID= 23 | 8603855555 ( lumora)                | Nợ      18,000,000
2026-04-06 10:22:44,781 INFO   ✅ BD13   Move ID= 24 | 8650060486 ( Toàn Cầu)              | Nợ      10,000,000
2026-04-06 10:22:49,081 INFO   ✅ BD14   Move ID= 25 | 8690011281 (Sunrise Skill)          | Nợ      10,000,000
2026-04-06 10:22:53,373 INFO   ✅ BD15   Move ID= 26 | 8863244668 ( Trang)                 | Nợ     152,043,602
2026-04-06 10:22:53,373 INFO 
╔══════════════════════════════════════════════════════════╗
║       HOÀN TẤT NHẬP SỐ DƯ TÀI KHOẢN NGÂN HÀNG          ║
╠══════════════════════════════════════════════════════════╣
║  Bút toán đã tạo    : 24                                  ║
║  Tổng số dư 1121    :        3,095,596,108           ║
║  Ngày               : 2024-12-31                          ║
║  MISC ID=2 đã xóa dòng 1121 và điều chỉnh TK 4111  ║
╚══════════════════════════════════════════════════════════╝

