2026-04-06 12:47:31,249 INFO 📂 Đọc file Excel...
2026-04-06 12:47:31,262 INFO   32 dòng có số tiền (bỏ qua dòng = 0)
2026-04-06 12:47:31,311 INFO 
✏️  Gán ref cho NCC còn thiếu...
2026-04-06 12:47:31,319 INFO   ⚠️  Không tìm thấy: NV005 - Vũ Thị Thu Hằng, tạo mới...
2026-04-06 12:47:31,322 INFO   ➕ Tạo mới: NV005 - Vũ Thị Thu Hằng (ID=602)
2026-04-06 12:47:31,322 INFO   ⚠️  Không tìm thấy: NV009 - Đoàn Văn Kỳ, tạo mới...
2026-04-06 12:47:31,324 INFO   ➕ Tạo mới: NV009 - Đoàn Văn Kỳ (ID=603)
2026-04-06 12:47:31,324 INFO   ⚠️  Không tìm thấy: NV022 - Trần Thành Minh, tạo mới...
2026-04-06 12:47:31,324 INFO   ➕ Tạo mới: NV022 - Trần Thành Minh (ID=604)
2026-04-06 12:47:31,328 INFO 
🔗 Kiểm tra NCC trong file...
2026-04-06 12:47:31,328 INFO   Tạo mới 0 NCC
2026-04-06 12:47:31,331 INFO 
  Tài khoản: {'331': 117, '3388': 144, '3411': 145}
2026-04-06 12:47:31,331 INFO 
✏️  Chỉnh sửa bút toán MISC (ID=2)...
2026-04-06 12:47:31,339 INFO   Trạng thái: draft
2026-04-06 12:47:31,350 INFO   Dòng sẽ xóa: [('331', 21758738.0, 0.0), ('331', 0.0, 4147808485.0), ('3388', 0.0, 593158063.0), ('3411', 0.0, 60310573866.0)]
2026-04-06 12:47:31,350 INFO   TK 4111: 292,424,073,932 → 227,394,292,256
2026-04-06 12:47:31,364 INFO   ✅ Đã xóa 4 dòng và điều chỉnh TK 4111 (SQL)
2026-04-06 12:47:31,372 INFO   ✅ Đã post lại MISC ID=2 (SQL)
2026-04-06 12:47:31,372 INFO 
📋 Tạo bút toán công nợ NCC...
2026-04-06 12:47:35,971 INFO 
╔══════════════════════════════════════════════════════════╗
║      HOÀN TẤT CÔNG NỢ ĐẦU KỲ NHÀ CUNG CẤP              ║
╠══════════════════════════════════════════════════════════╣
║  Move ID mới      : 29                                  ║
║  Số dòng          : 33                                  ║
║  Tổng Dư Nợ       :           21,758,738               ║
║  Tổng Dư Có       :       65,051,540,414               ║
║  TK 4111          : Nợ 65,029,781,676
╚══════════════════════════════════════════════════════════╝

