2026-04-06 12:24:51,916 INFO 📂 Đọc file Excel...
2026-04-06 12:24:51,965 INFO   Đọc được 397 khách hàng hợp lệ từ file
2026-04-06 12:24:51,965 INFO 
🔗 Kết nối DB...
2026-04-06 12:24:52,022 INFO   Tổng partner trong Odoo: 504
2026-04-06 12:24:52,028 INFO   Phone map: 72 entries | Name map: 480 entries
2026-04-06 12:24:52,028 INFO 
🔗 Khớp Mã KH...
2026-04-06 12:24:52,030 INFO   Đã có ref sẵn   : 89
2026-04-06 12:24:52,030 INFO   Khớp qua SĐT    : 23
2026-04-06 12:24:52,030 INFO   Khớp qua tên    : 285
2026-04-06 12:24:52,030 INFO   Cần tạo mới     : 0
2026-04-06 12:24:52,030 INFO 
✏️  Cập nhật partner trong Odoo...
2026-04-06 12:24:52,178 INFO   ✅ Đã cập nhật 397 partner
2026-04-06 12:24:52,180 INFO 
╔══════════════════════════════════════════════════════════╗
║          HOÀN TẤT GÁN MÃ KHÁCH HÀNG                     ║
╠══════════════════════════════════════════════════════════╣
║  Tổng KH trong file   : 397                               ║
║  Đã có ref sẵn        : 89                                ║
║  Khớp qua SĐT         : 23                                ║
║  Khớp qua tên         : 285                               ║
║  Tạo mới              : 0                                 ║
╚══════════════════════════════════════════════════════════╝

