2026-04-06 12:10:36,537 INFO 📂 Đọc file Excel...
2026-04-06 12:10:36,552 INFO   Đọc được 112 dòng công nợ (bỏ qua dòng = 0)
2026-04-06 12:10:36,603 INFO 
  Tài khoản tìm được: {'1283': 55, '1388': 65, '3387': 143, '131': 231}
2026-04-06 12:10:36,603 INFO   TK 4111 ID=294, Journal MISC ID=3
2026-04-06 12:10:36,603 INFO 
👥 Xử lý partners...
2026-04-06 12:10:36,603 INFO   Đã có 0 partner trong Odoo
2026-04-06 12:10:36,603 INFO   Cần tạo mới: 93 partner
2026-04-06 12:10:36,629 INFO     ... đã tạo 20 partner
2026-04-06 12:10:36,632 INFO     ... đã tạo 40 partner
2026-04-06 12:10:36,637 INFO     ... đã tạo 60 partner
2026-04-06 12:10:36,644 INFO     ... đã tạo 80 partner
2026-04-06 12:10:36,648 INFO   ✅ Đã tạo mới 93 partner, tổng 93 partner
2026-04-06 12:10:36,648 INFO 
📋 Xây dựng bút toán đầu kỳ...
2026-04-06 12:10:36,648 INFO   Tổng Nợ  :       81,985,164,423
2026-04-06 12:10:36,648 INFO   Tổng Có  :        5,758,674,230
2026-04-06 12:10:36,648 INFO   Cân đối  : TK 4111 Có = 76,226,490,193
2026-04-06 12:10:36,648 INFO   Số dòng  : 113
2026-04-06 12:10:36,648 INFO 
🚀 Tạo bút toán qua XML-RPC...
2026-04-06 12:10:39,357 INFO   ✅ Đã tạo bút toán ID=27
2026-04-06 12:10:41,618 INFO   ✅ Đã xác nhận (Posted) bút toán ID=27
2026-04-06 12:10:41,618 INFO 
╔══════════════════════════════════════════════════════════╗
║      HOÀN TẤT NHẬP CÔNG NỢ ĐẦU KỲ KHÁCH HÀNG           ║
╠══════════════════════════════════════════════════════════╣
║  Move ID          : 27                                  ║
║  Ngày             : 2024-12-31                          ║
║  Partner tạo mới  : 93                                  ║
║  Số dòng bút toán : 113                                 ║
║  Tổng Dư Nợ       :       81,985,164,423               ║
║  Tổng Dư Có       :        5,758,674,230               ║
║  TK 4111 cân đối  :       76,226,490,193               ║
╚══════════════════════════════════════════════════════════╝

