[2026-04-05 13:20:34] Kết nối Odoo OK
[2026-04-05 13:20:36] Odoo có 398 bản ghi MISA sẵn có
[2026-04-05 13:20:36] Đọc được 75 NCC từ Excel
[2026-04-05 13:20:36] ==================================================
[2026-04-05 13:20:38]   ↻ Cập nhật NCC (đã có): [anh Dâng] Nguyễn văn Dâng
[2026-04-05 13:20:42]   ✓ Tạo mới NCC: [BIDV] Ngân hàng Đầu tư & Phát triển
[2026-04-05 13:20:44]   ↻ Cập nhật NCC (đã có): [CG00007] Quân béo (MDHP) 0977403766
[2026-04-05 13:20:46]   ↻ Cập nhật NCC (đã có): [CG00012] Chủ lẻ gỗ
[2026-04-05 13:20:48]   ↻ Cập nhật NCC (đã có): [CG00027] Công ty CP XNK Thành Lâm
[2026-04-05 13:20:50]   ↻ Cập nhật NCC (đã có): [CG00031] Công ty CP Quốc tế Hàng hóa Leeson 0985616169
[2026-04-05 13:20:52]   ↻ Cập nhật NCC (đã có): [CG00032] Công ty TNHH MTV Bảo Hoàng 0975301345
[2026-04-05 13:20:55]   ↻ Cập nhật NCC (đã có): [CG00033] Lâm Nghiệp (TPHN) 0327689041
[2026-04-05 13:20:57]   ↻ Cập nhật NCC (đã có): [CS00003] Tùng (Minh Khang) 0936 407 206
[2026-04-05 13:20:59]   ↻ Cập nhật NCC (đã có): [CS00004] DP 0986273888
[2026-04-05 13:21:01]   ↻ Cập nhật NCC (đã có): [CS00005] Tuấn Vinatrans 0902033898
[2026-04-05 13:21:03]   ↻ Cập nhật NCC (đã có): [CS00022] Chủ lẻ
[2026-04-05 13:21:05]   ↻ Cập nhật NCC (đã có): [CS00023] Siêu Tốc
[2026-04-05 13:21:07]   ↻ Cập nhật NCC (đã có): [CS00024] Thược Phương
[2026-04-05 13:21:09]   ↻ Cập nhật NCC (đã có): [CS00025] Hoàng Việt
[2026-04-05 13:21:11]   ↻ Cập nhật NCC (đã có): [CX001] Hoàng Sơn
[2026-04-05 13:21:13]   ↻ Cập nhật NCC (đã có): [CX002] Công ty CP 15H-10041
[2026-04-05 13:21:16]   ↻ Cập nhật NCC (đã có): [CX003] Công ty CP 15C-03426
[2026-04-05 13:21:18]   ↻ Cập nhật NCC (đã có): [CX004] Yến Tuân (15C-01889)
[2026-04-05 13:21:20]   ↻ Cập nhật NCC (đã có): [CX005] Ông bà (15C-11479)
[2026-04-05 13:21:22]   ↻ Cập nhật NCC (đã có): [CX006] Cậu mợ (15C-13036)
[2026-04-05 13:21:24]   ↻ Cập nhật NCC (đã có): [CX007] Yến Tuân (15C-25418)
[2026-04-05 13:21:26]   ↻ Cập nhật NCC (đã có): [CX008] Anh Sức (TPHP) 0936765639
[2026-04-05 13:21:28]   ↻ Cập nhật NCC (đã có): [CX009] Công Ty T&C 0772244682
[2026-04-05 13:21:30]   ↻ Cập nhật NCC (đã có): [CX010] Tín Phát 0963757568
[2026-04-05 13:21:32]   ↻ Cập nhật NCC (đã có): [CX011] Quý Cương 0963988468
[2026-04-05 13:21:34]   ↻ Cập nhật NCC (đã có): [CX014] Công ty CP 15C-13840
[2026-04-05 13:21:36]   ↻ Cập nhật NCC (đã có): [CX015] Nobi
[2026-04-05 13:21:39]   ↻ Cập nhật NCC (đã có): [CX016] Tân Hoàng Hiệp
[2026-04-05 13:21:41]   ↻ Cập nhật NCC (đã có): [CX017] Huy Hùng 0976444107
[2026-04-05 13:21:43]   ↻ Cập nhật NCC (đã có): [CX018] Hùng Dũng
[2026-04-05 13:21:45]   ↻ Cập nhật NCC (đã có): [CX019] Nam Sa
[2026-04-05 13:21:49]   ✓ Tạo mới NCC: [HQKV1] Hải quan khu vực 1
[2026-04-05 13:21:53]   ✓ Tạo mới NCC: [KDTV] Kiểm dịch thực vật
[2026-04-05 13:21:55]   ↻ Cập nhật NCC (đã có): [KH00001] BIDV trần Phú (Luân)
[2026-04-05 13:21:57]   ↻ Cập nhật NCC (đã có): [KH00003] CÔNG TY TNHH PHÁT TRIỂN GIÁO DỤC & DU LỊCH SINH THÁI LUMORA
[2026-04-05 13:22:00]   ↻ Cập nhật NCC (đã có): [KT00001] Mua cây bên Kiến Thụy
[2026-04-05 13:22:02]   ↻ Cập nhật NCC (đã có): [KT00002] C Yến mua đồ bên Kiến Thụy
[2026-04-05 13:22:04]   ↻ Cập nhật NCC (đã có): [KT00003] Hiền non bộ (0989 560 332)
[2026-04-05 13:22:06]   ↻ Cập nhật NCC (đã có): [KT00004] Vũ Hữu Uyên (đội thợ xây Kiến Thụy 0388888938)
[2026-04-05 13:22:10]   ✓ Tạo mới NCC: [KT00006] Bùi Văn Huy (sửa điện nước Kiến Thụy)
[2026-04-05 13:22:14]   ✓ Tạo mới NCC: [KT00007] Anh Hà (sửa chữa các Công Trình Kiến Thụy)
[2026-04-05 13:22:19]   ✓ Tạo mới NCC: [KT00008] Cao Văn Tuyến
[2026-04-05 13:22:23]   ✓ Tạo mới NCC: [KT0001] Bách Mành Rèm ( Công ty Minh Phúc)
[2026-04-05 13:22:25]   ↻ Cập nhật NCC (đã có): [KT0002] Anh Quảng ( công ty VIET ORIENT)
[2026-04-05 13:22:27]   ↻ Cập nhật NCC (đã có): [KT0003] Huy diệt mối ( công ty TRẦN ANH)
[2026-04-05 13:22:29]   ↻ Cập nhật NCC (đã có): [KT0004] THiết bị giáo dục Hồng Hà
[2026-04-05 13:22:31]   ↻ Cập nhật NCC (đã có): [NCC00001] Công ty TNHH VTB & TM Phúc Hải Phong
[2026-04-05 13:22:33]   ↻ Cập nhật NCC (đã có): [NCC00002] BigSun
[2026-04-05 13:22:35]   ↻ Cập nhật NCC (đã có): [NCC00003] Công ty cổ phần Vietruck
[2026-04-05 13:22:37]   ↻ Cập nhật NCC (đã có): [NCC00004] Hồng (gạo)
[2026-04-05 13:22:42]   ✓ Tạo mới NCC: [NCC00005] Hiệp Trường
[2026-04-05 13:22:46]   ✓ Tạo mới NCC: [NCC00006] Ấn Hiền
[2026-04-05 13:22:50]   ✓ Tạo mới NCC: [NCC00007] Tiền đóng BHXH, BHYT, BHTN
[2026-04-05 13:22:52]   ↻ Cập nhật NCC (đã có): [NCC00008] Định vị Bách Khoa
[2026-04-05 13:22:56]   ✓ Tạo mới NCC: [NCC00009] Trang Thu
[2026-04-05 13:23:01]   ✓ Tạo mới NCC: [NCC00010] Anh Hiệp (Gỗ)
[2026-04-05 13:23:05]   ✓ Tạo mới NCC: [NCC00011] Công ty cổ phần máy lạnh ô tô Phương Sáu
[2026-04-05 13:23:09]   ✓ Tạo mới NCC: [NCC00012] Cửa hàng vật tư phụ tùng ô tô Chiến Điện
[2026-04-05 13:23:11]   ↻ Cập nhật NCC (đã có): [NCC00013] Công ty cổ phần đầu tư bất động sản Minh Phương
[2026-04-05 13:23:15]   ✓ Tạo mới NCC: [NCC00014] Bảo vệ Trường Anh
[2026-04-05 13:23:20]   ✓ Tạo mới NCC: [NCC00015] Xưởng sửa chữa ô tô Văn Phong
[2026-04-05 13:23:22]   ↻ Cập nhật NCC (đã có): [NCC00016] MIC ( Bảo hiểm MIC Hải Phòng)
[2026-04-05 13:23:24]   ↻ Cập nhật NCC (đã có): [NCC00017] Kim Ân ( cty Phạm Ý)
[2026-04-05 13:23:28]   ✓ Tạo mới NCC: [NCC00018] Điện nước Yên Hằng
[2026-04-05 13:23:32]   ✓ Tạo mới NCC: [NCC00019] TRUNG TÂM ĐĂNG KIỂM XE CƠ GIỚI 15-08D - CHI NHÁNH CÔNG TY TNHH ĐĂNG KIỂM XE CƠ GIỚI TỈNH GIA LAI
[2026-04-05 13:23:34]   ↻ Cập nhật NCC (đã có): [TB00001] MDHP - Mỹ Đoàn (vận chuyển) 0913288269
[2026-04-05 13:23:37]   ↻ Cập nhật NCC (đã có): [VT00002] Cao Bá Ngọc (Vạn An)
[2026-04-05 13:23:39]   ↻ Cập nhật NCC (đã có): [VT00003] Thịnh Ô Tô
[2026-04-05 13:23:41]   ↻ Cập nhật NCC (đã có): [VT00005] Đoàn (Mỹ Đoàn)
[2026-04-05 13:23:43]   ↻ Cập nhật NCC (đã có): [VT00010] Hùng (Trang Hà)
[2026-04-05 13:23:45]   ↻ Cập nhật NCC (đã có): [VT00017] Ngọc Huế
[2026-04-05 13:23:47]   ↻ Cập nhật NCC (đã có): [VT00019] Chị Huế ( tại Đức)
[2026-04-05 13:23:49]   ↻ Cập nhật NCC (đã có): [VT00020] Chú Tú ( anh anh Sơn)
[2026-04-05 13:23:51]   ↻ Cập nhật NCC (đã có): [VT00021] Ngân hàng PG
[2026-04-05 13:23:51] ==================================================
[2026-04-05 13:23:51] KẾT QUẢ:
[2026-04-05 13:23:51]   Tạo mới NCC : 18
[2026-04-05 13:23:51]   Cập nhật    : 57 (đã có từ danh sách KH)
[2026-04-05 13:23:51]   Lỗi         : 0
[2026-04-05 13:23:51] ĐỒNG BỘ NHÀ CUNG CẤP HOÀN TẤT
[2026-04-05 13:23:51] ==================================================
