2026-04-05 23:43:28,624 INFO 📂 Đọc file Excel...
2026-04-05 23:43:28,633 INFO   Đọc được 37 dòng
2026-04-05 23:43:28,635 INFO 
  Tài khoản lá (dùng để nhập): 23
2026-04-05 23:43:28,635 INFO   Tài khoản cha (bỏ qua - tổng hợp): ['111', '112', '128', '138', '153', '156', '211', '213', '241', '333', '3338', '334', '338', '341']
2026-04-05 23:43:28,635 INFO 
🔗 Kết nối DB...
2026-04-05 23:43:28,692 INFO   Journal 'MISC': ID=3
2026-04-05 23:43:28,692 INFO   TK cân đối '4111': ID=294
2026-04-05 23:43:28,695 INFO 
📋 Xây dựng dòng bút toán...
2026-04-05 23:43:28,695 INFO   Nợ  1111:        1,356,301,125
2026-04-05 23:43:28,695 INFO   Nợ  1112:        1,943,800,994
2026-04-05 23:43:28,695 INFO   Nợ  1113:       26,385,760,000
2026-04-05 23:43:28,695 INFO   Nợ  1121:        3,095,596,108
2026-04-05 23:43:28,695 INFO   Nợ  1283:       75,893,430,819
2026-04-05 23:43:28,695 INFO   Có  1283:        5,627,200,000
2026-04-05 23:43:28,695 INFO   Nợ  131:        5,510,228,897
2026-04-05 23:43:28,695 INFO   Có  131:            3,474,230
2026-04-05 23:43:28,695 INFO   Nợ  1388:          581,504,707
2026-04-05 23:43:28,695 INFO   Nợ  141:           49,063,000
2026-04-05 23:43:28,696 INFO   Nợ  152:          541,304,354
2026-04-05 23:43:28,696 INFO   Nợ  1531:           12,150,000
2026-04-05 23:43:28,696 INFO   Nợ  1561:            7,189,063
2026-04-05 23:43:28,696 INFO   Nợ  2111:       18,260,800,538
2026-04-05 23:43:28,696 INFO   Nợ  2112:          752,000,000
2026-04-05 23:43:28,696 INFO   Nợ  2113:        4,448,325,890
2026-04-05 23:43:28,696 INFO   Nợ  2131:       66,154,656,606
2026-04-05 23:43:28,696 INFO   Nợ  2412:      162,052,699,817
2026-04-05 23:43:28,696 INFO   Nợ  331:           21,758,738
2026-04-05 23:43:28,696 INFO   Có  331:        4,147,808,485
2026-04-05 23:43:28,696 INFO   Nợ  3334:           81,000,000
2026-04-05 23:43:28,696 INFO   Nợ  33382:            3,000,000
2026-04-05 23:43:28,696 INFO   Có  3341:          820,685,972
2026-04-05 23:43:28,696 INFO   Có  3387:          128,000,000
2026-04-05 23:43:28,696 INFO   Có  3388:          593,158,063
2026-04-05 23:43:28,696 INFO   Có  3411:       60,310,573,866
2026-04-05 23:43:28,696 INFO 
  Tổng Nợ   :      367,150,570,656
2026-04-05 23:43:28,696 INFO   Tổng Có   :       71,630,900,616
2026-04-05 23:43:28,696 INFO   Chênh lệch:      295,519,670,040
2026-04-05 23:43:28,696 INFO   ➕ Cân đối: Có TK 4111 = 295,519,670,040
2026-04-05 23:43:28,696 INFO 
🚀 Tạo bút toán số dư đầu kỳ qua XML-RPC...
2026-04-05 23:43:31,619 INFO   ✅ Đã tạo bút toán ID=2 (trạng thái: Nháp)
2026-04-05 23:43:31,619 INFO   📌 Đang xác nhận (post) bút toán...
2026-04-05 23:43:33,792 INFO   ✅ Bút toán ID=2 đã được XÁC NHẬN (Posted)
2026-04-05 23:43:33,792 INFO 
╔══════════════════════════════════════════════════════╗
║         HOÀN TẤT NHẬP SỐ DƯ ĐẦU KỲ                 ║
╠══════════════════════════════════════════════════════╣
║  Move ID      : 2                                    ║
║  Ngày         : 2024-12-31                           ║
║  Nhật ký      : MISC                                 ║
║  Số dòng      : 27                                   ║
║  Tổng Nợ      :      367,150,570,656               ║
║  Tổng Có      :       71,630,900,616               ║
║  TK cân đối   : 4111 = 295,519,670,040
╚══════════════════════════════════════════════════════╝

